TETITLE.PIC
PRESENTS.PIC
ASSTITLE.PIC
MENU1.PIC
h2play1.pic
h2play2.pic
CREDITS.PIC
GAMEBG.PIC
CLOSEPIC.PIC
TILE.SPR
REDPLYR.SPR
BLUEPLYR.SPR
BOX.SPR
TILEMOVE.SPR
TILENA.SPR
REDSEL.SPR
BLUESEL.SPR
opsON.SPR
opsOFF.SPR
RESUME.SPR
DOOR1.SPR
DOOR2.SPR
DOOR3.SPR
DOOR4.SPR
DOOR5.SPR
DOOR6.SPR
DOOR7.SPR
REDDOOR.SPR
BLUEDOOR.SPR
NUMBER0.SPR
NUMBER1.SPR
NUMBER2.SPR
NUMBER3.SPR
NUMBER4.SPR
NUMBER5.SPR
NUMBER6.SPR
NUMBER7.SPR
NUMBER8.SPR
NUMBER9.SPR
explode1.spr
explode2.spr
explode3.spr
explode4.spr
explode5.spr
explode6.spr
ARROW.SPR
WON.SPR
TIED.SPR
newbtn.spr
infobtn.spr
credbtn.spr
quitbtn.spr
resbtn.spr
checkon.spr
checkoff.spr
bomb.spr
stopbtn1.spr
stopbtn2.spr
opscover.spr
menubtn3.spr
hintbtn1.spr
hintbtn2.spr
menubuf1.spr
menubuf2.spr
redhit1.spr
redhit2.spr
redhit3.spr
bluehit1.spr
bluehit2.spr
bluehit3.spr
rip1.spr
rip2.spr
rip3.spr
rip4.spr
rip5.spr
rip6.spr
numleft0.spr
numleft1.spr
numleft2.spr
numleft3.spr
bluturn1.spr
bluturn2.spr
bluturn3.spr
bluturn4.spr
redturn1.spr
redturn2.spr
redturn3.spr
redturn4.spr
blugone1.spr
blugone2.spr
blugone3.spr
blugone4.spr
redgone1.spr
redgone2.spr
redgone3.spr
redgone4.spr
blugoing.spr
redgoing.spr
drain.spr
x.spr
TETITLE.PAL
ASSTITLE.PAL
MENU1.PAL
h2play1.PAL
DEFAULT.PAL
WHITE.PAL
credits.pal
LEVEL1.BRD
LEVEL2.BRD
LEVEL3.BRD
LEVEL4.BRD
LEVEL5.BRD
level6.brd
LEVEL7.BRD
LEVEL8.BRD
LEVEL9.BRD
LEVEL10.BRD
level11.brd
level12.brd
level13.brd
level14.brd
level15.brd
level16.brd
level17.brd
level18.brd
level19.brd
level20.brd
level21.brd
level22.brd
level23.brd
level24.brd
level25.brd
level26.brd
level27.brd
level28.brd
level29.brd
level30.brd
level31.brd
level32.brd
level33.brd
level34.brd
level35.brd
level36.brd
level37.brd
level38.brd
level39.brd
level40.brd
level41.brd
level42.brd
level43.brd
level44.brd
level45.brd
level46.brd
level47.brd
level48.brd
level49.brd
level50.brd
CAPTURE.RAF
CAPTURE2.RAF
CLICKON.RAF
WOODBLOC.RAF
splo.RAF
INVALID.RAF
JUMP.RAF
MOVE.RAF
EXPLODE.RAF
makingal.RAF
YEAH1.RAF
GONG.RAF
HITMAIN.RAF
laf.raf
alarm.raf
shot1.raf
shot2.raf
flush.raf
startsnd.raf
comp8.raf
play8.raf
comp7.raf
play7.raf
total.raf
